******************************************************************************
            TI ARM Clang Linker PC v3.2.1                      
******************************************************************************
>> Linked Mon Apr  8 00:49:01 2024

OUTPUT FILE NAME:   <gpiointerrupt_CC3220S_LAUNCHXL_nortos_ticlang.out>
ENTRY POINT SYMBOL: "resetISR"  address: 2000ed85


MEMORY CONFIGURATION

         name            origin    length      used     unused   attr    fill
----------------------  --------  ---------  --------  --------  ----  --------
  SRAM2                 20000000   00004000  0000130c  00002cf4  RW X
  SRAM                  20004000   0003c000  0000bfbc  00030044  RW X
  LOG_DATA              90000000   00040000  00000000  00040000  R   
  LOG_PTR               94000008   00040000  00000000  00040000  R   


SEGMENT ALLOCATION MAP

run origin  load origin   length   init length attrs members
----------  ----------- ---------- ----------- ----- -------
20003000    20003000    00001000   00000000    rw-
  20003000    20003000    00001000   00000000    rw- .stack
20004000    20004000    00000040   00000040    r--
  20004000    20004000    00000040   00000040    r-- .resetVecs
20004040    20004040    00008000   00000000    rw-
  20004040    20004040    00008000   00000000    rw- .sysmem
2000c040    2000c040    00003110   00003110    r-x
  2000c040    2000c040    00003110   00003110    r-x .text
2000f150    2000f150    000006c1   00000000    rw-
  2000f150    2000f150    000006c1   00000000    rw- .data
2000f814    2000f814    000003c4   000003c4    r--
  2000f814    2000f814    000003c4   000003c4    r-- .rodata
2000fbd8    2000fbd8    000002d7   00000000    rw-
  2000fbd8    2000fbd8    000002d7   00000000    rw- .bss
2000feb0    2000feb0    00000110   00000110    r--
  2000feb0    2000feb0    00000110   00000110    r-- .cinit


SECTION ALLOCATION MAP

 output                                  attributes/
section   page    origin      length       input sections
--------  ----  ----------  ----------   ----------------
.text      0    2000c040    00003110     
                  2000c040    000004b8     driverlib.a : prcm.obj (.text.PRCMCC3200MCUInit)
                  2000c4f8    000003e4     drivers_cc32xx.a : PowerCC32XX.c.obj (.text.Power_sleep)
                  2000c8dc    00000150     nortos_cc32xx.a : PowerCC32XX_nortos.c.obj (.text.PowerCC32XX_sleepPolicy)
                  2000ca2c    00000148     drivers_cc32xx.a : TimerCC32XX.c.obj (.text.Timer_open)
                  2000cb74    00000140                      : GPIOCC32XX.c.obj (.text.GPIO_setConfig)
                  2000ccb4    00000120     libc.a : memory.c.obj (.text.aligned_alloc)
                  2000cdd4    000000f0            : memory.c.obj (.text.free)
                  2000cec4    000000c8     driverlib.a : interrupt.obj (.text.IntDisable)
                  2000cf8c    000000c8                 : interrupt.obj (.text.IntEnable)
                  2000d054    000000b0     libclang_rt.builtins.a : udivmoddi4.S.obj (.text)
                  2000d104    000000ac     driverlib.a : gpio.obj (.text.GPIOIntTypeSet)
                  2000d1b0    000000a4                 : interrupt.obj (.text.IntPendSet)
                  2000d254    000000a2                 : pin.obj (.text.PinConfigSet)
                  2000d2f6    00000002     ti_drivers_config.o (.text.Board_initHook)
                  2000d2f8    00000098     nortos_cc32xx.a : SemaphoreP_nortos.c.obj (.text.SemaphoreP_pend)
                  2000d390    00000096     drivers_cc32xx.a : PowerCC32XX_ticlang.asm.obj (.text)
                  2000d426    00000002     nortos_cc32xx.a : PowerCC32XX_nortos.c.obj (.text.PowerCC32XX_initPolicy)
                  2000d428    00000090     drivers_cc32xx.a : GPIOCC32XX.c.obj (.text.GPIO_init)
                  2000d4b8    0000008e     driverlib.a : prcm.obj (.text.PRCMSysResetCauseGet)
                  2000d546    00000002     nortos_cc32xx.a : SemaphoreP_nortos.c.obj (.text.SemaphoreP_destruct)
                  2000d548    00000088     drivers_cc32xx.a : PowerCC32XX.c.obj (.text.PowerCC32XX_configureWakeup)
                  2000d5d0    00000078                      : PowerCC32XX.c.obj (.text.Power_init)
                  2000d648    00000078     gpiointerrupt.o (.text.mainThread)
                  2000d6c0    00000074     nortos_cc32xx.a : HwiPCC32XX_nortos.c.obj (.text.HwiP_construct)
                  2000d734    00000074     driverlib.a : prcm.obj (.text.PRCMHibernateWakeUpGPIOSelect)
                  2000d7a8    00000070     libc.a : copy_decompress_lzss.c.obj (.text:decompress:lzss)
                  2000d818    0000006c     driverlib.a : pin.obj (.text.PinLockLevelSet)
                  2000d884    0000006c     drivers_cc32xx.a : PowerCC32XX.c.obj (.text.Power_setDependency)
                  2000d8f0    0000006c                      : GPIOCC32XX.c.obj (.text.powerNotifyFxn)
                  2000d95c    0000006c     libc.a : memory.c.obj (.text.split)
                  2000d9c8    0000006a     driverlib.a : prcm.obj (.text.PRCMPeripheralReset)
                  2000da32    00000068                 : interrupt.obj (.text.IntPendClear)
                  2000da9a    00000002     drivers_cc32xx.a : Timer.c.obj (.text.Timer_init)
                  2000da9c    00000060                      : GPIOCC32XX.c.obj (.text.GPIO_write)
                  2000dafc    0000005c     driverlib.a : flash.obj (.text.FlashDisable)
                  2000db58    0000005c                 : prcm.obj (.text.PRCMHibernateWakeupSourceDisable)
                  2000dbb4    0000005c     drivers_cc32xx.a : TimerCC32XX.c.obj (.text.TimerCC32XX_allocateTimerResource)
                  2000dc10    0000005c     gpiointerrupt.o (.text.timerCallback)
                  2000dc6c    0000005a     driverlib.a : prcm.obj (.text.PRCMPeripheralClkEnable)
                  2000dcc6    00000002     libclang_rt.builtins.a : aeabi_div0.c.obj (.text.__aeabi_ldiv0)
                  2000dcc8    00000058     nortos_cc32xx.a : ClockPSysTick_nortos.c.obj (.text.ClockP_startup)
                  2000dd20    00000058     driverlib.a : interrupt.obj (.text.IntPrioritySet)
                  2000dd78    00000056                 : prcm.obj (.text.PRCMLPDSEnter)
                  2000ddce    00000002     libc.a : _lock.c.obj (.text._nop)
                  2000ddd0    00000054     drivers_cc32xx.a : PowerCC32XX.c.obj (.text.PowerCC32XX_setParkState)
                  2000de24    00000054                      : PowerCC32XX.c.obj (.text.Power_releaseDependency)
                  2000de78    00000050                      : GPIOCC32XX.c.obj (.text.GPIO_hwiIntFxn)
                  2000dec8    00000050     driverlib.a : prcm.obj (.text.PRCMHibernateWakeupSourceEnable)
                  2000df18    00000050     nortos_cc32xx.a : SemaphoreP_nortos.c.obj (.text.SemaphoreP_construct)
                  2000df68    0000004c     drivers_cc32xx.a : GPIOCC32XX.c.obj (.text.GPIO_setInterruptConfig)
                  2000dfb4    0000004c     driverlib.a : prcm.obj (.text.PRCMLPDSRestoreInfoSet)
                  2000e000    0000004c     drivers_cc32xx.a : TimerCC32XX.c.obj (.text.initHw)
                  2000e04c    0000004a                      : TimerCC32XX.c.obj (.text.getPrescaler)
                  2000e096    00000002     nortos_cc32xx.a : startup_cc32xx_ticlang.c.obj (.text.busFaultHandler)
                  2000e098    00000048                     : ClockPSysTick_nortos.c.obj (.text.ClockP_sysTickHandler)
                  2000e0e0    00000048     driverlib.a : prcm.obj (.text.PRCMIntEnable)
                  2000e128    00000048                 : prcm.obj (.text.PRCMPeripheralStatusGet)
                  2000e170    00000048                 : pin.obj (.text.PinConfigGet)
                  2000e1b8    00000046                 : prcm.obj (.text.PRCMLPDSEnterKeepDebugIf)
                  2000e1fe    00000044                 : gpio.obj (.text.GPIODirModeSet)
                  2000e242    00000002     nortos_cc32xx.a : SemaphoreP_nortos.c.obj (.text.clkFxn)
                  2000e244    00000044     drivers_cc32xx.a : GPIOCC32XX.c.obj (.text.GPIO_disableInt)
                  2000e288    00000044                      : GPIOCC32XX.c.obj (.text.GPIO_enableInt)
                  2000e2cc    00000044                      : PowerCC32XX.c.obj (.text.Power_releaseConstraint)
                  2000e310    00000044                      : Timer.c.obj (.text.Timer_start)
                  2000e354    00000044     nortos_cc32xx.a : ClockPSysTick_nortos.c.obj (.text.addToList)
                  2000e398    00000042     driverlib.a : pin.obj (.text.PinModeSet)
                  2000e3da    00000042                 : timer.obj (.text.TimerControlStall)
                  2000e41c    00000042     drivers_cc32xx.a : TimerCC32XX.c.obj (.text.Timer_close)
                  2000e45e    00000042     nortos_cc32xx.a : PowerCC32XX_nortos.c.obj (.text.getCountsRTC)
                  2000e4a0    00000040                     : SemaphoreP_nortos.c.obj (.text.SemaphoreP_post)
                  2000e4e0    00000040     drivers_cc32xx.a : Timer.c.obj (.text.Timer_stop)
                  2000e520    0000003e     driverlib.a : pin.obj (.text.PinDirModeSet)
                  2000e55e    00000002     nortos_cc32xx.a : startup_cc32xx_ticlang.c.obj (.text.defaultHandler)
                  2000e560    0000003c                     : ClockPSysTick_nortos.c.obj (.text.ClockP_stop)
                  2000e59c    0000003c     gpiointerrupt.o (.text.initTimer)
                  2000e5d8    0000003a     drivers_cc32xx.a : TimerCC32XX.c.obj (.text.TimerSupport_timerEnable)
                  2000e612    00000002     nortos_cc32xx.a : startup_cc32xx_ticlang.c.obj (.text.faultISR)
                  2000e614    00000038                     : ClockPSysTick_nortos.c.obj (.text.ClockP_destruct)
                  2000e64c    00000038     drivers_cc32xx.a : PowerCC32XX.c.obj (.text.Power_setConstraint)
                  2000e684    00000038     nortos_cc32xx.a : SwiP_nortos.c.obj (.text.SwiP_restore)
                  2000e6bc    00000038     gpiointerrupt.o (.text.setLEDS)
                  2000e6f4    00000038     libc.a : autoinit.c.obj (.text:__TI_auto_init_nobinit_nopinit)
                  2000e72c    00000036     driverlib.a : pin.obj (.text.PinLock)
                  2000e762    00000036     drivers_cc32xx.a : TimerCC32XX.c.obj (.text.TimerCC32XX_hwiIntFunction)
                  2000e798    00000034     nortos_cc32xx.a : ClockPSysTick_nortos.c.obj (.text.ClockP_start)
                  2000e7cc    00000034     driverlib.a : pin.obj (.text.PinDirModeGet)
                  2000e800    00000034                 : pin.obj (.text.PinModeGet)
                  2000e834    00000034     drivers_cc32xx.a : PowerCC32XX.c.obj (.text.PowerCC32XX_parkPin)
                  2000e868    00000034                      : TimerCC32XX.c.obj (.text.TimerCC32XX_freeTimerResource)
                  2000e89c    00000034     nortos_cc32xx.a : startup_cc32xx_ticlang.c.obj (.text.initVectors)
                  2000e8d0    00000030                     : ClockPSysTick_nortos.c.obj (.text.ClockP_getTicksUntilInterrupt)
                  2000e900    00000030     driverlib.a : prcm.obj (.text.PRCMLPDSIntervalSet)
                  2000e930    00000030                 : prcm.obj (.text.PRCMSlowClkCtrFastGet)
                  2000e960    00000030                 : timer.obj (.text.TimerLoadSet)
                  2000e990    00000030                 : timer.obj (.text.TimerPrescaleSet)
                  2000e9c0    00000030     drivers_cc32xx.a : PowerCC32XX.c.obj (.text.notify)
                  2000e9f0    0000002e     driverlib.a : gpio.obj (.text.GPIOIntStatus)
                  2000ea1e    0000002a     nortos_cc32xx.a : HwiPCC32XX_nortos.c.obj (.text.HwiP_create)
                  2000ea48    0000002a     driverlib.a : prcm.obj (.text.PRCMLPDSWakeUpGPIOSelect)
                  2000ea72    0000002a                 : prcm.obj (.text.PRCMPeripheralClkDisable)
                  2000ea9c    00000028     drivers_cc32xx.a : List.c.obj (.text.List_remove)
                  2000eac4    00000028     driverlib.a : prcm.obj (.text.PRCMSRAMRetentionEnable)
                  2000eaec    00000028     drivers_cc32xx.a : TimerCC32XX.c.obj (.text.TimerSupport_timerDisable)
                  2000eb14    00000028     libc.a : memory.c.obj (.text.free_list_insert)
                  2000eb3c    00000024     driverlib.a : interrupt.obj (.text.IntUnregister)
                  2000eb60    00000024     drivers_cc32xx.a : List.c.obj (.text.List_put)
                  2000eb84    00000024     driverlib.a : prcm.obj (.text.PRCMLPDSWakeupSourceEnable)
                  2000eba8    00000024     drivers_cc32xx.a : PowerCC32XX.c.obj (.text.PowerCC32XX_restoreParkedPin)
                  2000ebcc    00000024                      : PowerCC32XX.c.obj (.text.Power_registerNotify)
                  2000ebf0    00000024     libc.a : boot_cortex_m.c.obj (.text:_c_int00_noargs)
                  2000ec14    00000022     driverlib.a : gpio.obj (.text.GPIOPinWrite)
                  2000ec36    00000022                 : pin.obj (.text.PinUnlock)
                  2000ec58    00000020                 : interrupt.obj (.text.IntRegister)
                  2000ec78    00000020     drivers_cc32xx.a : PowerCC32XX.c.obj (.text.Power_unregisterNotify)
                  2000ec98    00000020     nortos_cc32xx.a : SemaphoreP_nortos.c.obj (.text.SemaphoreP_constructBinary)
                  2000ecb8    00000020                     : SemaphoreP_nortos.c.obj (.text.SemaphoreP_createBinary)
                  2000ecd8    00000020     driverlib.a : timer.obj (.text.TimerDisable)
                  2000ecf8    0000001c     drivers_cc32xx.a : GPIO.c.obj (.text.GPIO_setCallback)
                  2000ed14    0000001c     nortos_cc32xx.a : HwiPCC32XX_nortos.c.obj (.text.HwiP_dispatch)
                  2000ed30    0000001c                     : SwiP_nortos.c.obj (.text.SwiP_disable)
                  2000ed4c    0000001c     libc.a : memory.c.obj (.text.free_list_remove)
                  2000ed68    0000001c     drivers_cc32xx.a : TimerCC32XX.c.obj (.text.getPowerMgrId)
                  2000ed84    0000001c     nortos_cc32xx.a : startup_cc32xx_ticlang.c.obj (.text.resetISR)
                  2000eda0    0000001a     driverlib.a : gpio.obj (.text.GPIOIntDisable)
                  2000edba    0000001a                 : prcm.obj (.text.PRCMHIBRegRead)
                  2000edd4    0000001a                 : prcm.obj (.text.PRCMHIBRegWrite)
                  2000edee    0000001a                 : prcm.obj (.text.PRCMLPDSWakeupSourceDisable)
                  2000ee08    0000001a                 : pin.obj (.text.PinToPadGet)
                  2000ee22    0000001a                 : timer.obj (.text.TimerEnable)
                  2000ee3c    00000018                 : gpio.obj (.text.GPIOIntEnable)
                  2000ee54    00000018     nortos_cc32xx.a : SemaphoreP_nortos.c.obj (.text.SemaphoreP_create)
                  2000ee6c    00000018     gpiointerrupt.o (.text.gpioCallback)
                  2000ee84    00000016     ti_drivers_config.o (.text.Board_init)
                  2000ee9a    00000016     driverlib.a : systick.obj (.text.SysTickPeriodSet)
                  2000eeb0    00000016                 : timer.obj (.text.TimerIntDisable)
                  2000eec6    00000014                 : cpu.obj (.text.CPUcpsid)
                  2000eeda    00000014                 : cpu.obj (.text.CPUcpsie)
                  2000eeee    00000014     nortos_cc32xx.a : HwiPCC32XX_nortos.c.obj (.text.HwiP_destruct)
                  2000ef02    00000014     driverlib.a : interrupt.obj (.text.IntVTableBaseSet)
                  2000ef16    00000002     nortos_cc32xx.a : startup_cc32xx_ticlang.c.obj (.text.nmiISR)
                  2000ef18    00000014     drivers_cc32xx.a : PowerCC32XX.c.obj (.text.Power_disablePolicy)
                  2000ef2c    00000014                      : PowerCC32XX.c.obj (.text.Power_getTransitionLatency)
                  2000ef40    00000014                      : PowerCC32XX.c.obj (.text.Power_idleFunc)
                  2000ef54    00000014     driverlib.a : timer.obj (.text.TimerIntEnable)
                  2000ef68    00000014     libclang_rt.builtins.a : aeabi_uldivmod.S.obj (.text.__aeabi_uldivmod)
                  2000ef7c    00000012     nortos_cc32xx.a : ClockPSysTick_nortos.c.obj (.text.ClockP_add)
                  2000ef8e    00000012     driverlib.a : gpio.obj (.text.GPIOIntClear)
                  2000efa0    00000012     nortos_cc32xx.a : HwiPCC32XX_nortos.c.obj (.text.HwiP_Params_init)
                  2000efb2    00000012                     : HwiPCC32XX_nortos.c.obj (.text.HwiP_delete)
                  2000efc4    00000012     driverlib.a : systick.obj (.text.SysTickEnable)
                  2000efd6    00000012                 : systick.obj (.text.SysTickIntDisable)
                  2000efe8    00000012                 : systick.obj (.text.SysTickIntEnable)
                  2000effa    00000012     libc.a : memcpy_t2.S.obj (.text:TI_memcpy_small)
                  2000f00c    00000012            : copy_zero_init.c.obj (.text:decompress:ZI:__TI_zero_init_nomemset)
                  2000f01e    00000002     --HOLE-- [fill = 0]
                  2000f020    00000010     nortos_cc32xx.a : ClockPSysTick_nortos.c.obj (.text.ClockP_getCpuFreq)
                  2000f030    00000010                     : ClockPSysTick_nortos.c.obj (.text.ClockP_getSystemTicks)
                  2000f040    00000010                     : ClockPSysTick_nortos.c.obj (.text.ClockP_setTicks)
                  2000f050    00000010                     : HwiPCC32XX_nortos.c.obj (.text.HwiP_inISR)
                  2000f060    00000010     drivers_cc32xx.a : PowerCC32XX.c.obj (.text.Power_enablePolicy)
                  2000f070    00000010     driverlib.a : timer.obj (.text.TimerIntClear)
                  2000f080    00000010     drivers_cc32xx.a : Timer.c.obj (.text.Timer_Params_init)
                  2000f090    00000010     main_nortos.o (.text.main)
                  2000f0a0    0000000e     libc.a : copy_decompress_none.c.obj (.text:decompress:none)
                  2000f0ae    0000000c     driverlib.a : cpu.obj (.text.CPUwfi)
                  2000f0ba    0000000c                 : prcm.obj (.text.PRCMLPDSWakeupCauseGet)
                  2000f0c6    00000002     --HOLE-- [fill = 0]
                  2000f0c8    0000000c     drivers_cc32xx.a : PowerCC32XX.c.obj (.text.Power_getConstraintMask)
                  2000f0d4    0000000c                      : TimerCC32XX.c.obj (.text.postNotifyFxn)
                  2000f0e0    0000000a     nortos_cc32xx.a : ClockPSysTick_nortos.c.obj (.text.ClockP_isActive)
                  2000f0ea    0000000a     driverlib.a : interrupt.obj (.text.IntMasterDisable)
                  2000f0f4    0000000a                 : interrupt.obj (.text.IntMasterEnable)
                  2000f0fe    00000008     nortos_cc32xx.a : HwiPCC32XX_nortos.c.obj (.text.HwiP_disable)
                  2000f106    00000008                     : HwiPCC32XX_nortos.c.obj (.text.HwiP_restore)
                  2000f10e    00000008     driverlib.a : prcm.obj (.text.PRCMSleepEnter)
                  2000f116    00000008                 : utils.obj (.text.UtilsDelay)
                  2000f11e    00000008     libc.a : memory.c.obj (.text.malloc)
                  2000f126    00000004     nortos_cc32xx.a : ClockPSysTick_nortos.c.obj (.text.ClockP_doTick)
                  2000f12a    00000004                     : HwiPCC32XX_nortos.c.obj (.text.HwiP_clearInterrupt)
                  2000f12e    00000004                     : HwiPCC32XX_nortos.c.obj (.text.HwiP_enable)
                  2000f132    00000004                     : HwiPCC32XX_nortos.c.obj (.text.HwiP_post)
                  2000f136    00000004     driverlib.a : interrupt.obj (.text.IntDefaultHandler)
                  2000f13a    00000004     nortos_cc32xx.a : NoRTOS.c.obj (.text.NoRTOS_start)
                  2000f13e    00000004                     : SemaphoreP_nortos.c.obj (.text.SemaphoreP_delete)
                  2000f142    00000002     --HOLE-- [fill = 0]
                  2000f144    00000004     libclang_rt.builtins.a : aeabi_memcpy.S.obj (.text.__aeabi_memcpy)
                  2000f148    00000004     libc.a : pre_init.c.obj (.text._system_pre_init)
                  2000f14c    00000004            : exit.c.obj (.text:abort)

.ramVecs   0    20000000    0000030c     NOLOAD SECTION
                  20000000    0000030c     nortos_cc32xx.a : startup_cc32xx_ticlang.c.obj (.ramVecs)

.stack     0    20003000    00001000     UNINITIALIZED
                  20003000    00000004     libc.a : boot_cortex_m.c.obj (.stack)
                  20003004    00000ffc     --HOLE--

.resetVecs 
*          0    20004000    00000040     
                  20004000    00000040     nortos_cc32xx.a : startup_cc32xx_ticlang.c.obj (.resetVecs)

.sysmem    0    20004040    00008000     UNINITIALIZED
                  20004040    00000010     libc.a : memory.c.obj (.sysmem)
                  20004050    00007ff0     --HOLE--

.rodata    0    2000f814    000003c4     
                  2000f814    00000100     driverlib.a : pin.obj (.rodata.g_ulPinToPadMap)
                  2000f914    000000d4                 : interrupt.obj (.rodata.g_pulRegs)
                  2000f9e8    000000a8                 : prcm.obj (.rodata.PRCM_PeriphRegsList)
                  2000fa90    00000044     ti_drivers_config.o (.rodata.PowerCC32XX_config)
                  2000fad4    00000028     drivers_cc32xx.a : GPIOCC32XX.c.obj (.rodata.portConfigs)
                  2000fafc    00000021                      : GPIOCC32XX.c.obj (.rodata.pinTable)
                  2000fb1d    00000001     ti_drivers_config.o (.rodata.GPIO_pinUpperBound)
                  2000fb1e    00000001     ti_drivers_config.o (.rodata.Timer_count)
                  2000fb1f    00000001     --HOLE-- [fill = 0]
                  2000fb20    00000018     driverlib.a : interrupt.obj (.rodata.g_pulDisRegs)
                  2000fb38    00000018                 : interrupt.obj (.rodata.g_pulEnRegs)
                  2000fb50    00000018                 : interrupt.obj (.rodata.g_pulPendRegs)
                  2000fb68    00000018                 : interrupt.obj (.rodata.g_pulUnpendRegs)
                  2000fb80    00000010     ti_drivers_config.o (.rodata.GPIO_config)
                  2000fb90    00000010     ti_drivers_config.o (.rodata.timerCC32XXHWAttrs)
                  2000fba0    0000000c     gpiointerrupt.o (.rodata..Lswitch.table.setLEDS.1)
                  2000fbac    0000000c     gpiointerrupt.o (.rodata..Lswitch.table.setLEDS)
                  2000fbb8    0000000c     drivers_cc32xx.a : Timer.c.obj (.rodata.defaultParams)
                  2000fbc4    0000000c                      : TimerCC32XX.c.obj (.rodata.defaultParams)
                  2000fbd0    00000008     ti_drivers_config.o (.rodata.Timer_config)

.cinit     0    2000feb0    00000110     
                  2000feb0    000000eb     (.cinit..data.load) [load image, compression = lzss]
                  2000ff9b    00000001     --HOLE-- [fill = 0]
                  2000ff9c    0000000c     (__TI_handler_table)
                  2000ffa8    00000008     (.cinit..bss.load) [load image, compression = zero_init]
                  2000ffb0    00000010     (__TI_cinit_table)

.init_array 
*          0    20004000    00000000     UNINITIALIZED

.data      0    2000f150    000006c1     UNINITIALIZED
                  2000f150    0000030c     nortos_cc32xx.a : HwiPCC32XX_nortos.c.obj (.data.HwiP_dispatchTable)
                  2000f45c    0000016c     drivers_cc32xx.a : PowerCC32XX.c.obj (.data.PowerCC32XX_module)
                  2000f5c8    000000f8     ti_drivers_config.o (.data.parkInfo)
                  2000f6c0    00000084     ti_drivers_config.o (.data.gpioPinConfigs)
                  2000f744    0000004c     nortos_cc32xx.a : SwiP_nortos.c.obj (.data..L_MergedGlobals)
                  2000f790    00000042     gpiointerrupt.o (.data..L_MergedGlobals)
                  2000f7d2    00000001     drivers_cc32xx.a : GPIOCC32XX.c.obj (.data.initCalled)
                  2000f7d3    00000001                      : GPIOCC32XX.c.obj (.data.portHwiCreatedBitMask)
                  2000f7d4    00000018                      : GPIOCC32XX.c.obj (.data..L_MergedGlobals)
                  2000f7ec    00000004     nortos_cc32xx.a : HwiPCC32XX_nortos.c.obj (.data.HwiP_swiPIntNum)
                  2000f7f0    00000010                     : SemaphoreP_nortos.c.obj (.data..L_MergedGlobals)
                  2000f800    00000008                     : ClockPSysTick_nortos.c.obj (.data..L_MergedGlobals)
                  2000f808    00000004     libc.a : _lock.c.obj (.data._lock)
                  2000f80c    00000004            : _lock.c.obj (.data._unlock)
                  2000f810    00000001            : memory.c.obj (.data.memory_is_initialized)

.bss       0    2000fbd8    000002d7     UNINITIALIZED
                  2000fbd8    0000012c     (.common:PowerCC32XX_contextSave)
                  2000fd04    00000084     (.common:gpioCallbackFunctions)
                  2000fd88    00000084     (.common:gpioUserArgs)
                  2000fe0c    00000084     (.common:timerCC32XXObjects)
                  2000fe90    00000010     (.common:ClockP_ctrl)
                  2000fea0    00000004     nortos_cc32xx.a : ClockPSysTick_nortos.c.obj (.bss.sysTickPeriod)
                  2000fea4    00000004     libc.a : memory.c.obj (.bss.sys_free)
                  2000fea8    00000004     drivers_cc32xx.a : TimerCC32XX.c.obj (.bss.timerState.0)
                  2000feac    00000001     (.common:BUTTON_STATE)
                  2000fead    00000001     (.common:CURRENT_FLASH)
                  2000feae    00000001     (.common:LED_STATE)

.log_data 
*          0    90000000    00000000     COPY SECTION

.log_ptr   0    94000008    00000000     COPY SECTION

__llvm_prf_cnts 
*          0    20004000    00000000     UNINITIALIZED

__llvm_prf_bits 
*          0    20004000    00000000     UNINITIALIZED

MODULE SUMMARY

       Module                         code    ro data   rw data
       ------                         ----    -------   -------
    .\
       gpiointerrupt.o                352     24        69     
       main_nortos.o                  16      0         0      
    +--+------------------------------+-------+---------+---------+
       Total:                         368     24        69     
                                                               
    .\syscfg\
       ti_drivers_config.o            24      110       776    
    +--+------------------------------+-------+---------+---------+
       Total:                         24      110       776    
                                                               
    C:/ti/simplelink_cc32xx_sdk_7_10_00_13/kernel/nortos/lib/ticlang/m4/nortos_cc32xx.a
       HwiPCC32XX_nortos.c.obj        286     0         784    
       startup_cc32xx_ticlang.c.obj   88      64        780    
       ClockPSysTick_nortos.c.obj     524     0         28     
       SemaphoreP_nortos.c.obj        392     0         16     
       PowerCC32XX_nortos.c.obj       404     0         0      
       SwiP_nortos.c.obj              84      0         76     
       NoRTOS.c.obj                   4       0         0      
    +--+------------------------------+-------+---------+---------+
       Total:                         1782    64        1684   
                                                               
    C:/ti/simplelink_cc32xx_sdk_7_10_00_13/source/ti/devices/cc32xx/driverlib/ticlang/Release/driverlib.a
       prcm.obj                       2564    168       0      
       interrupt.obj                  868     308       0      
       pin.obj                        688     256       0      
       gpio.obj                       388     0         0      
       timer.obj                      278     0         0      
       flash.obj                      92      0         0      
       systick.obj                    76      0         0      
       cpu.obj                        52      0         0      
       utils.obj                      8       0         0      
    +--+------------------------------+-------+---------+---------+
       Total:                         5014    732       0      
                                                               
    C:/ti/simplelink_cc32xx_sdk_7_10_00_13/source/ti/drivers/lib/ticlang/m4/drivers_cc32xx.a
       PowerCC32XX.c.obj              1944    0         664    
       GPIOCC32XX.c.obj               960     73        26     
       TimerCC32XX.c.obj              880     12        4      
       Timer.c.obj                    150     12        0      
       PowerCC32XX_ticlang.asm.obj    150     0         0      
       List.c.obj                     76      0         0      
       GPIO.c.obj                     28      0         0      
    +--+------------------------------+-------+---------+---------+
       Total:                         4188    97        694    
                                                               
    C:\ti\ccs1260\ccs\tools\compiler\ti-cgt-armllvm_3.2.1.LTS\lib\armv7em-ti-none-eabi/c/libc.a
       memory.c.obj                   712     0         5      
       copy_decompress_lzss.c.obj     112     0         0      
       autoinit.c.obj                 56      0         0      
       boot_cortex_m.c.obj            36      0         0      
       copy_zero_init.c.obj           18      0         0      
       memcpy_t2.S.obj                18      0         0      
       copy_decompress_none.c.obj     14      0         0      
       _lock.c.obj                    2       0         8      
       exit.c.obj                     4       0         0      
       pre_init.c.obj                 4       0         0      
    +--+------------------------------+-------+---------+---------+
       Total:                         976     0         13     
                                                               
    C:\ti\ccs1260\ccs\tools\compiler\ti-cgt-armllvm_3.2.1.LTS\lib\clang/15.0.7/lib/armv7em-ti-none-eabi/libclang_rt.builtins.a
       udivmoddi4.S.obj               176     0         0      
       aeabi_uldivmod.S.obj           20      0         0      
       aeabi_memcpy.S.obj             4       0         0      
       aeabi_div0.c.obj               2       0         0      
    +--+------------------------------+-------+---------+---------+
       Total:                         202     0         0      
                                                               
       Heap:                          0       0         32768  
       Stack:                         0       0         4096   
       Linker Generated:              0       271       0      
    +--+------------------------------+-------+---------+---------+
       Grand Total:                   12554   1298      40100  


LINKER GENERATED COPY TABLES

__TI_cinit_table @ 2000ffb0 records: 2, size/record: 8, table size: 16
	.data: load addr=2000feb0, load size=000000eb bytes, run addr=2000f150, run size=000006c1 bytes, compression=lzss
	.bss: load addr=2000ffa8, load size=00000008 bytes, run addr=2000fbd8, run size=000002d7 bytes, compression=zero_init


LINKER GENERATED HANDLER TABLE

__TI_handler_table @ 2000ff9c records: 3, size/record: 4, table size: 12
	index: 0, handler: __TI_decompress_lzss
	index: 1, handler: __TI_decompress_none
	index: 2, handler: __TI_zero_init


GLOBAL SYMBOLS: SORTED ALPHABETICALLY BY Name 

address   name                             
-------   ----                             
2000feac  BUTTON_STATE                     
2000ee85  Board_init                       
2000d2f7  Board_initHook                   
2000f14c  C$$EXIT                          
2000eec7  CPUcpsid                         
2000eedb  CPUcpsie                         
2000f0af  CPUwfi                           
2000fead  CURRENT_FLASH                    
2000ef7d  ClockP_add                       
2000fe90  ClockP_ctrl                      
2000e615  ClockP_destruct                  
2000f127  ClockP_doTick                    
2000f021  ClockP_getCpuFreq                
2000f031  ClockP_getSystemTicks            
2000e8d1  ClockP_getTicksUntilInterrupt    
2000f0e1  ClockP_isActive                  
2000f041  ClockP_setTicks                  
2000e799  ClockP_start                     
2000dcc9  ClockP_startup                   
2000e561  ClockP_stop                      
2000e099  ClockP_sysTickHandler            
2000f804  ClockP_tickPeriod                
2000dafd  FlashDisable                     
2000e1ff  GPIODirModeSet                   
2000ef8f  GPIOIntClear                     
2000eda1  GPIOIntDisable                   
2000ee3d  GPIOIntEnable                    
2000e9f1  GPIOIntStatus                    
2000d105  GPIOIntTypeSet                   
2000ec15  GPIOPinWrite                     
2000fb80  GPIO_config                      
2000e245  GPIO_disableInt                  
2000e289  GPIO_enableInt                   
2000de79  GPIO_hwiIntFxn                   
2000d429  GPIO_init                        
2000fb1d  GPIO_pinUpperBound               
2000ecf9  GPIO_setCallback                 
2000cb75  GPIO_setConfig                   
2000df69  GPIO_setInterruptConfig          
2000da9d  GPIO_write                       
2000efa1  HwiP_Params_init                 
2000f12b  HwiP_clearInterrupt              
2000d6c1  HwiP_construct                   
2000ea1f  HwiP_create                      
2000efb3  HwiP_delete                      
2000eeef  HwiP_destruct                    
2000f0ff  HwiP_disable                     
2000ed15  HwiP_dispatch                    
2000f12f  HwiP_enable                      
2000f051  HwiP_inISR                       
2000f133  HwiP_post                        
2000f107  HwiP_restore                     
2000f7ec  HwiP_swiPIntNum                  
UNDEFED   ITM_flush                        
UNDEFED   ITM_restore                      
2000cec5  IntDisable                       
2000cf8d  IntEnable                        
2000f0eb  IntMasterDisable                 
2000f0f5  IntMasterEnable                  
2000da33  IntPendClear                     
2000d1b1  IntPendSet                       
2000dd21  IntPrioritySet                   
2000ec59  IntRegister                      
2000eb3d  IntUnregister                    
2000ef03  IntVTableBaseSet                 
2000feae  LED_STATE                        
2000eb61  List_put                         
2000ea9d  List_remove                      
2000f13b  NoRTOS_start                     
2000c041  PRCMCC3200MCUInit                
2000edbb  PRCMHIBRegRead                   
2000edd5  PRCMHIBRegWrite                  
2000d735  PRCMHibernateWakeUpGPIOSelect    
2000db59  PRCMHibernateWakeupSourceDisable 
2000dec9  PRCMHibernateWakeupSourceEnable  
2000e0e1  PRCMIntEnable                    
2000dd79  PRCMLPDSEnter                    
2000e1b9  PRCMLPDSEnterKeepDebugIf         
2000e901  PRCMLPDSIntervalSet              
2000dfb5  PRCMLPDSRestoreInfoSet           
2000ea49  PRCMLPDSWakeUpGPIOSelect         
2000f0bb  PRCMLPDSWakeupCauseGet           
2000edef  PRCMLPDSWakeupSourceDisable      
2000eb85  PRCMLPDSWakeupSourceEnable       
2000ea73  PRCMPeripheralClkDisable         
2000dc6d  PRCMPeripheralClkEnable          
2000d9c9  PRCMPeripheralReset              
2000e129  PRCMPeripheralStatusGet          
2000eac5  PRCMSRAMRetentionEnable          
2000f10f  PRCMSleepEnter                   
2000e931  PRCMSlowClkCtrFastGet            
2000d4b9  PRCMSysResetCauseGet             
2000e171  PinConfigGet                     
2000d255  PinConfigSet                     
2000e7cd  PinDirModeGet                    
2000e521  PinDirModeSet                    
2000e72d  PinLock                          
2000d819  PinLockLevelSet                  
2000e801  PinModeGet                       
2000e399  PinModeSet                       
2000ee09  PinToPadGet                      
2000ec37  PinUnlock                        
2000fa90  PowerCC32XX_config               
2000d549  PowerCC32XX_configureWakeup      
2000fbd8  PowerCC32XX_contextSave          
2000d391  PowerCC32XX_enterLPDS            
2000d427  PowerCC32XX_initPolicy           
2000f45c  PowerCC32XX_module               
2000e835  PowerCC32XX_parkPin              
2000eba9  PowerCC32XX_restoreParkedPin     
2000d3d5  PowerCC32XX_resumeLPDS           
2000ddd1  PowerCC32XX_setParkState         
2000c8dd  PowerCC32XX_sleepPolicy          
2000ef19  Power_disablePolicy              
2000f061  Power_enablePolicy               
2000f0c9  Power_getConstraintMask          
2000ef2d  Power_getTransitionLatency       
2000ef41  Power_idleFunc                   
2000d5d1  Power_init                       
2000ebcd  Power_registerNotify             
2000e2cd  Power_releaseConstraint          
2000de25  Power_releaseDependency          
2000e64d  Power_setConstraint              
2000d885  Power_setDependency              
2000c4f9  Power_sleep                      
2000ec79  Power_unregisterNotify           
2000df19  SemaphoreP_construct             
2000ec99  SemaphoreP_constructBinary       
2000ee55  SemaphoreP_create                
2000ecb9  SemaphoreP_createBinary          
2000f7f8  SemaphoreP_defaultParams         
2000f13f  SemaphoreP_delete                
2000d547  SemaphoreP_destruct              
2000d2f9  SemaphoreP_pend                  
2000e4a1  SemaphoreP_post                  
2000ed31  SwiP_disable                     
2000e685  SwiP_restore                     
2000efc5  SysTickEnable                    
2000efd7  SysTickIntDisable                
2000efe9  SysTickIntEnable                 
2000ee9b  SysTickPeriodSet                 
2000effb  TI_memcpy_small                  
2000dbb5  TimerCC32XX_allocateTimerResource
2000e869  TimerCC32XX_freeTimerResource    
2000e3db  TimerControlStall                
2000ecd9  TimerDisable                     
2000ee23  TimerEnable                      
2000f071  TimerIntClear                    
2000eeb1  TimerIntDisable                  
2000ef55  TimerIntEnable                   
2000e961  TimerLoadSet                     
2000e991  TimerPrescaleSet                 
2000eaed  TimerSupport_timerDisable        
2000e5d9  TimerSupport_timerEnable         
2000f081  Timer_Params_init                
2000e41d  Timer_close                      
2000fbd0  Timer_config                     
2000fb1e  Timer_count                      
2000da9b  Timer_init                       
2000ca2d  Timer_open                       
2000e311  Timer_start                      
2000e4e1  Timer_stop                       
2000f117  UtilsDelay                       
20004000  __STACK_END                      
00001000  __STACK_SIZE                     
00008000  __SYSMEM_SIZE                    
00000000  __TI_ATRegion0_region_sz         
00000000  __TI_ATRegion0_src_addr          
00000000  __TI_ATRegion0_trg_addr          
00000000  __TI_ATRegion1_region_sz         
00000000  __TI_ATRegion1_src_addr          
00000000  __TI_ATRegion1_trg_addr          
00000000  __TI_ATRegion2_region_sz         
00000000  __TI_ATRegion2_src_addr          
00000000  __TI_ATRegion2_trg_addr          
2000ffb0  __TI_CINIT_Base                  
2000ffc0  __TI_CINIT_Limit                 
2000ffc0  __TI_CINIT_Warm                  
2000ff9c  __TI_Handler_Table_Base          
2000ffa8  __TI_Handler_Table_Limit         
2000e6f5  __TI_auto_init_nobinit_nopinit   
2000d7a9  __TI_decompress_lzss             
2000f0a1  __TI_decompress_none             
ffffffff  __TI_pprof_out_hndl              
ffffffff  __TI_prof_data_size              
ffffffff  __TI_prof_data_start             
2000feb0  __TI_static_base__               
2000f00d  __TI_zero_init_nomemset          
2000dcc7  __aeabi_ldiv0                    
2000f145  __aeabi_memcpy                   
2000f145  __aeabi_memcpy4                  
2000f145  __aeabi_memcpy8                  
2000ef69  __aeabi_uldivmod                 
ffffffff  __binit__                        
UNDEFED   __mpu_init                       
20003000  __stack                          
20004000  __start___llvm_prf_bits          
20004000  __start___llvm_prf_cnts          
20004000  __stop___llvm_prf_bits           
20004000  __stop___llvm_prf_cnts           
2000d055  __udivmoddi4                     
2000ebf1  _c_int00_noargs                  
2000f808  _lock                            
2000ddcf  _nop                             
20004040  _sys_memory                      
UNDEFED   _system_post_cinit               
2000f149  _system_pre_init                 
2000f80c  _unlock                          
2000f14d  abort                            
2000ccb5  aligned_alloc                    
ffffffff  binit                            
2000e243  clkFxn                           
2000cdd5  free                             
2000ee6d  gpioCallback                     
2000fd04  gpioCallbackFunctions            
2000f6c0  gpioPinConfigs                   
2000fd88  gpioUserArgs                     
2000f794  hiFlash                          
2000e59d  initTimer                        
2000e89d  initVectors                      
2000f091  main                             
2000d649  mainThread                       
2000f11f  malloc                           
2000ccb5  memalign                         
2000f790  messageTimer                     
2000f5c8  parkInfo                         
2000ed85  resetISR                         
2000e6bd  setLEDS                          
2000f7ad  sosFlash                         
2000fb90  timerCC32XXHWAttrs               
2000fe0c  timerCC32XXObjects               
2000dc11  timerCallback                    


GLOBAL SYMBOLS: SORTED BY Symbol Address 

address   name                             
-------   ----                             
00000000  __TI_ATRegion0_region_sz         
00000000  __TI_ATRegion0_src_addr          
00000000  __TI_ATRegion0_trg_addr          
00000000  __TI_ATRegion1_region_sz         
00000000  __TI_ATRegion1_src_addr          
00000000  __TI_ATRegion1_trg_addr          
00000000  __TI_ATRegion2_region_sz         
00000000  __TI_ATRegion2_src_addr          
00000000  __TI_ATRegion2_trg_addr          
00001000  __STACK_SIZE                     
00008000  __SYSMEM_SIZE                    
20003000  __stack                          
20004000  __STACK_END                      
20004000  __start___llvm_prf_bits          
20004000  __start___llvm_prf_cnts          
20004000  __stop___llvm_prf_bits           
20004000  __stop___llvm_prf_cnts           
20004040  _sys_memory                      
2000c041  PRCMCC3200MCUInit                
2000c4f9  Power_sleep                      
2000c8dd  PowerCC32XX_sleepPolicy          
2000ca2d  Timer_open                       
2000cb75  GPIO_setConfig                   
2000ccb5  aligned_alloc                    
2000ccb5  memalign                         
2000cdd5  free                             
2000cec5  IntDisable                       
2000cf8d  IntEnable                        
2000d055  __udivmoddi4                     
2000d105  GPIOIntTypeSet                   
2000d1b1  IntPendSet                       
2000d255  PinConfigSet                     
2000d2f7  Board_initHook                   
2000d2f9  SemaphoreP_pend                  
2000d391  PowerCC32XX_enterLPDS            
2000d3d5  PowerCC32XX_resumeLPDS           
2000d427  PowerCC32XX_initPolicy           
2000d429  GPIO_init                        
2000d4b9  PRCMSysResetCauseGet             
2000d547  SemaphoreP_destruct              
2000d549  PowerCC32XX_configureWakeup      
2000d5d1  Power_init                       
2000d649  mainThread                       
2000d6c1  HwiP_construct                   
2000d735  PRCMHibernateWakeUpGPIOSelect    
2000d7a9  __TI_decompress_lzss             
2000d819  PinLockLevelSet                  
2000d885  Power_setDependency              
2000d9c9  PRCMPeripheralReset              
2000da33  IntPendClear                     
2000da9b  Timer_init                       
2000da9d  GPIO_write                       
2000dafd  FlashDisable                     
2000db59  PRCMHibernateWakeupSourceDisable 
2000dbb5  TimerCC32XX_allocateTimerResource
2000dc11  timerCallback                    
2000dc6d  PRCMPeripheralClkEnable          
2000dcc7  __aeabi_ldiv0                    
2000dcc9  ClockP_startup                   
2000dd21  IntPrioritySet                   
2000dd79  PRCMLPDSEnter                    
2000ddcf  _nop                             
2000ddd1  PowerCC32XX_setParkState         
2000de25  Power_releaseDependency          
2000de79  GPIO_hwiIntFxn                   
2000dec9  PRCMHibernateWakeupSourceEnable  
2000df19  SemaphoreP_construct             
2000df69  GPIO_setInterruptConfig          
2000dfb5  PRCMLPDSRestoreInfoSet           
2000e099  ClockP_sysTickHandler            
2000e0e1  PRCMIntEnable                    
2000e129  PRCMPeripheralStatusGet          
2000e171  PinConfigGet                     
2000e1b9  PRCMLPDSEnterKeepDebugIf         
2000e1ff  GPIODirModeSet                   
2000e243  clkFxn                           
2000e245  GPIO_disableInt                  
2000e289  GPIO_enableInt                   
2000e2cd  Power_releaseConstraint          
2000e311  Timer_start                      
2000e399  PinModeSet                       
2000e3db  TimerControlStall                
2000e41d  Timer_close                      
2000e4a1  SemaphoreP_post                  
2000e4e1  Timer_stop                       
2000e521  PinDirModeSet                    
2000e561  ClockP_stop                      
2000e59d  initTimer                        
2000e5d9  TimerSupport_timerEnable         
2000e615  ClockP_destruct                  
2000e64d  Power_setConstraint              
2000e685  SwiP_restore                     
2000e6bd  setLEDS                          
2000e6f5  __TI_auto_init_nobinit_nopinit   
2000e72d  PinLock                          
2000e799  ClockP_start                     
2000e7cd  PinDirModeGet                    
2000e801  PinModeGet                       
2000e835  PowerCC32XX_parkPin              
2000e869  TimerCC32XX_freeTimerResource    
2000e89d  initVectors                      
2000e8d1  ClockP_getTicksUntilInterrupt    
2000e901  PRCMLPDSIntervalSet              
2000e931  PRCMSlowClkCtrFastGet            
2000e961  TimerLoadSet                     
2000e991  TimerPrescaleSet                 
2000e9f1  GPIOIntStatus                    
2000ea1f  HwiP_create                      
2000ea49  PRCMLPDSWakeUpGPIOSelect         
2000ea73  PRCMPeripheralClkDisable         
2000ea9d  List_remove                      
2000eac5  PRCMSRAMRetentionEnable          
2000eaed  TimerSupport_timerDisable        
2000eb3d  IntUnregister                    
2000eb61  List_put                         
2000eb85  PRCMLPDSWakeupSourceEnable       
2000eba9  PowerCC32XX_restoreParkedPin     
2000ebcd  Power_registerNotify             
2000ebf1  _c_int00_noargs                  
2000ec15  GPIOPinWrite                     
2000ec37  PinUnlock                        
2000ec59  IntRegister                      
2000ec79  Power_unregisterNotify           
2000ec99  SemaphoreP_constructBinary       
2000ecb9  SemaphoreP_createBinary          
2000ecd9  TimerDisable                     
2000ecf9  GPIO_setCallback                 
2000ed15  HwiP_dispatch                    
2000ed31  SwiP_disable                     
2000ed85  resetISR                         
2000eda1  GPIOIntDisable                   
2000edbb  PRCMHIBRegRead                   
2000edd5  PRCMHIBRegWrite                  
2000edef  PRCMLPDSWakeupSourceDisable      
2000ee09  PinToPadGet                      
2000ee23  TimerEnable                      
2000ee3d  GPIOIntEnable                    
2000ee55  SemaphoreP_create                
2000ee6d  gpioCallback                     
2000ee85  Board_init                       
2000ee9b  SysTickPeriodSet                 
2000eeb1  TimerIntDisable                  
2000eec7  CPUcpsid                         
2000eedb  CPUcpsie                         
2000eeef  HwiP_destruct                    
2000ef03  IntVTableBaseSet                 
2000ef19  Power_disablePolicy              
2000ef2d  Power_getTransitionLatency       
2000ef41  Power_idleFunc                   
2000ef55  TimerIntEnable                   
2000ef69  __aeabi_uldivmod                 
2000ef7d  ClockP_add                       
2000ef8f  GPIOIntClear                     
2000efa1  HwiP_Params_init                 
2000efb3  HwiP_delete                      
2000efc5  SysTickEnable                    
2000efd7  SysTickIntDisable                
2000efe9  SysTickIntEnable                 
2000effb  TI_memcpy_small                  
2000f00d  __TI_zero_init_nomemset          
2000f021  ClockP_getCpuFreq                
2000f031  ClockP_getSystemTicks            
2000f041  ClockP_setTicks                  
2000f051  HwiP_inISR                       
2000f061  Power_enablePolicy               
2000f071  TimerIntClear                    
2000f081  Timer_Params_init                
2000f091  main                             
2000f0a1  __TI_decompress_none             
2000f0af  CPUwfi                           
2000f0bb  PRCMLPDSWakeupCauseGet           
2000f0c9  Power_getConstraintMask          
2000f0e1  ClockP_isActive                  
2000f0eb  IntMasterDisable                 
2000f0f5  IntMasterEnable                  
2000f0ff  HwiP_disable                     
2000f107  HwiP_restore                     
2000f10f  PRCMSleepEnter                   
2000f117  UtilsDelay                       
2000f11f  malloc                           
2000f127  ClockP_doTick                    
2000f12b  HwiP_clearInterrupt              
2000f12f  HwiP_enable                      
2000f133  HwiP_post                        
2000f13b  NoRTOS_start                     
2000f13f  SemaphoreP_delete                
2000f145  __aeabi_memcpy                   
2000f145  __aeabi_memcpy4                  
2000f145  __aeabi_memcpy8                  
2000f149  _system_pre_init                 
2000f14c  C$$EXIT                          
2000f14d  abort                            
2000f45c  PowerCC32XX_module               
2000f5c8  parkInfo                         
2000f6c0  gpioPinConfigs                   
2000f790  messageTimer                     
2000f794  hiFlash                          
2000f7ad  sosFlash                         
2000f7ec  HwiP_swiPIntNum                  
2000f7f8  SemaphoreP_defaultParams         
2000f804  ClockP_tickPeriod                
2000f808  _lock                            
2000f80c  _unlock                          
2000fa90  PowerCC32XX_config               
2000fb1d  GPIO_pinUpperBound               
2000fb1e  Timer_count                      
2000fb80  GPIO_config                      
2000fb90  timerCC32XXHWAttrs               
2000fbd0  Timer_config                     
2000fbd8  PowerCC32XX_contextSave          
2000fd04  gpioCallbackFunctions            
2000fd88  gpioUserArgs                     
2000fe0c  timerCC32XXObjects               
2000fe90  ClockP_ctrl                      
2000feac  BUTTON_STATE                     
2000fead  CURRENT_FLASH                    
2000feae  LED_STATE                        
2000feb0  __TI_static_base__               
2000ff9c  __TI_Handler_Table_Base          
2000ffa8  __TI_Handler_Table_Limit         
2000ffb0  __TI_CINIT_Base                  
2000ffc0  __TI_CINIT_Limit                 
2000ffc0  __TI_CINIT_Warm                  
ffffffff  __TI_pprof_out_hndl              
ffffffff  __TI_prof_data_size              
ffffffff  __TI_prof_data_start             
ffffffff  __binit__                        
ffffffff  binit                            
UNDEFED   ITM_flush                        
UNDEFED   ITM_restore                      
UNDEFED   __mpu_init                       
UNDEFED   _system_post_cinit               

[232 symbols]
